\BOOKMARK [0][-]{chapter*.1}{\376\377\000A\000c\000k\000n\000o\000w\000l\000e\000d\000g\000m\000e\000n\000t\000s}{}% 1
\BOOKMARK [0][-]{chapter*.2}{\376\377\000A\000b\000s\000t\000r\000a\000c\000t}{}% 2
\BOOKMARK [0][-]{chapter*.3}{\376\377\000R\000e\000s\000u\000m\000e\000n}{}% 3
\BOOKMARK [0][-]{chapter.1}{\376\377\000A\000p\000p\000e\000n\000d\000i\000x}{}% 4
\BOOKMARK [1][-]{section.1.1}{\376\377\000C\000O\0002\000\040\000t\000a\000x\000\040\000e\000m\000i\000s\000s\000i\000o\000n\000s}{chapter.1}% 5
\BOOKMARK [2][-]{subsection.1.1.1}{\376\377\000N\000e\000t\000\040\000P\000r\000e\000s\000e\000n\000t\000\040\000V\000a\000l\000u\000e\000\040\000\050\000N\000P\000V\000\051}{section.1.1}% 6
\BOOKMARK [2][-]{subsection.1.1.2}{\376\377\000I\000n\000t\000e\000r\000n\000a\000l\000\040\000R\000a\000t\000e\000\040\000o\000f\000\040\000R\000e\000t\000u\000r\000n\000\040\000\050\000I\000R\000R\000\051}{section.1.1}% 7
\BOOKMARK [2][-]{subsection.1.1.3}{\376\377\000R\000e\000t\000u\000r\000n\000\040\000o\000n\000\040\000I\000n\000v\000e\000s\000t\000m\000e\000n\000t\000\040\000\050\000R\000O\000I\000\051\000/\000\040\000P\000a\000y\000b\000a\000c\000k\000\040\000P\000e\000r\000i\000o\000d}{section.1.1}% 8
\BOOKMARK [1][-]{section.1.2}{\376\377\000G\000o\000v\000e\000r\000n\000m\000e\000n\000t\000\040\000g\000r\000a\000n\000t\000s}{chapter.1}% 9
\BOOKMARK [2][-]{subsection.1.2.1}{\376\377\000N\000e\000t\000\040\000P\000r\000e\000s\000e\000n\000t\000\040\000V\000a\000l\000u\000e\000\040\000\050\000N\000P\000V\000\051}{section.1.2}% 10
\BOOKMARK [2][-]{subsection.1.2.2}{\376\377\000I\000n\000t\000e\000r\000n\000a\000l\000\040\000R\000a\000t\000e\000\040\000o\000f\000\040\000R\000e\000t\000u\000r\000n\000\040\000\050\000I\000R\000R\000\051}{section.1.2}% 11
\BOOKMARK [2][-]{subsection.1.2.3}{\376\377\000R\000e\000t\000u\000r\000n\000\040\000o\000n\000\040\000I\000n\000v\000e\000s\000t\000m\000e\000n\000t\000\040\000\050\000R\000O\000I\000\051\000/\000\040\000P\000a\000y\000b\000a\000c\000k\000\040\000P\000e\000r\000i\000o\000d}{section.1.2}% 12
\BOOKMARK [1][-]{section.1.3}{\376\377\000T\000a\000x\000e\000s\000\040\000a\000n\000d\000\040\000G\000r\000a\000n\000t\000s}{chapter.1}% 13
\BOOKMARK [2][-]{subsection.1.3.1}{\376\377\000N\000e\000t\000\040\000P\000r\000e\000s\000e\000n\000t\000\040\000V\000a\000l\000u\000e\000\040\000\050\000N\000P\000V\000\051}{section.1.3}% 14
\BOOKMARK [2][-]{subsection.1.3.2}{\376\377\000I\000n\000t\000e\000r\000n\000a\000l\000\040\000R\000a\000t\000e\000\040\000o\000f\000\040\000R\000e\000t\000u\000r\000n\000\040\000\050\000I\000R\000R\000\051}{section.1.3}% 15
\BOOKMARK [2][-]{subsection.1.3.3}{\376\377\000R\000e\000t\000u\000r\000n\000\040\000o\000n\000\040\000I\000n\000v\000e\000s\000t\000m\000e\000n\000t\000\040\000\050\000R\000O\000I\000\051\000/\000\040\000P\000a\000y\000b\000a\000c\000k\000\040\000P\000e\000r\000i\000o\000d}{section.1.3}% 16
\BOOKMARK [1][-]{section.1.4}{\376\377\000T\000h\000r\000e\000e\000\040\000L\000e\000v\000e\000l\000\040\000B\000u\000c\000k\000\040\000B\000o\000o\000s\000t\000\040\000C\000o\000n\000v\000e\000r\000t\000e\000r}{chapter.1}% 17
\BOOKMARK [2][-]{subsection.1.4.1}{\376\377\000M\000o\000d\000e\000l\000l\000i\000n\000g}{section.1.4}% 18
\BOOKMARK [1][-]{section.1.5}{\376\377\000L\000i\000n\000e\000a\000r\000i\000z\000a\000t\000i\000o\000n}{chapter.1}% 19
\BOOKMARK [0][-]{equation.1.29}{\376\377\000B\000i\000b\000l\000i\000o\000g\000r\000a\000p\000h\000y}{}% 20
